   Compiling cfg-if v1.0.4
   Compiling stable_deref_trait v1.2.1
   Compiling memchr v2.8.0
   Compiling log v0.4.29
   Compiling subtle v2.6.1
   Compiling libc v0.2.183
   Compiling serde_core v1.0.228
   Compiling typenum v1.19.0
   Compiling futures-core v0.3.32
   Compiling litemap v0.8.1
   Compiling writeable v0.6.2
   Compiling tracing-core v0.1.36
   Compiling zeroize v1.8.2
   Compiling zerofrom v0.1.6
   Compiling thiserror v2.0.18
   Compiling num-traits v0.2.19
   Compiling bytes v1.11.1
   Compiling scopeguard v1.2.0
   Compiling yoke v0.8.1
   Compiling lock_api v0.4.14
   Compiling icu_normalizer_data v2.1.1
   Compiling icu_properties_data v2.1.2
   Compiling futures-io v0.3.32
   Compiling slab v0.4.12
   Compiling cpufeatures v0.2.17
   Compiling futures-task v0.3.32
   Compiling zerocopy v0.8.47
   Compiling tracing v0.1.44
   Compiling untrusted v0.9.0
   Compiling zerovec v0.11.5
   Compiling zerotrie v0.2.3
   Compiling percent-encoding v2.3.2
   Compiling utf8_iter v1.0.4
   Compiling bitflags v2.11.0
   Compiling generic-array v0.14.7
   Compiling crossbeam-utils v0.8.21
   Compiling form_urlencoded v1.2.2
   Compiling equivalent v1.0.2
   Compiling rustls-pki-types v1.14.0
   Compiling foldhash v0.1.5
   Compiling allocator-api2 v0.2.21
   Compiling futures-sink v0.3.32
   Compiling secrecy v0.10.3
   Compiling tinyvec_macros v0.1.1
   Compiling hashbrown v0.16.1
   Compiling crc-catalog v2.4.0
   Compiling getrandom v0.2.17
   Compiling socket2 v0.6.3
   Compiling mio v1.1.1
   Compiling errno v0.3.14
   Compiling concurrent-queue v2.5.0
   Compiling tinystr v0.8.2
   Compiling crypto-common v0.1.7
   Compiling block-buffer v0.10.4
   Compiling potential_utf v0.1.4
   Compiling ring v0.17.14
   Compiling rand_core v0.6.4
   Compiling signal-hook-registry v1.4.8
   Compiling hashbrown v0.15.5
   Compiling futures-channel v0.3.32
   Compiling digest v0.10.7
   Compiling icu_collections v2.1.1
   Compiling parking v2.2.1
   Compiling icu_locale_core v2.1.1
   Compiling indexmap v2.13.0
   Compiling event-listener v5.4.1
   Compiling futures-util v0.3.32
   Compiling crossbeam-queue v0.3.12
   Compiling crc v3.4.0
   Compiling tinyvec v1.11.0
   Compiling base64 v0.22.1
   Compiling hmac v0.12.1
   Compiling tokio v1.50.0
   Compiling webpki-roots v1.0.6
   Compiling hashlink v0.10.0
   Compiling r2d2-secure-mem v8.2.0 (/mnt/d/XXXX/R2D2/r2d2-secure-mem)
   Compiling unicode-normalization v0.1.25
   Compiling serde v1.0.228
   Compiling serde_json v1.0.149
   Compiling unicode-properties v0.1.4
   Compiling unicode-bidi v0.3.18
   Compiling icu_provider v2.1.1
   Compiling webpki-roots v0.26.11
   Compiling hkdf v0.12.4
   Compiling getrandom v0.4.2
   Compiling md-5 v0.10.6
   Compiling sha2 v0.10.9
   Compiling atoi v2.0.0
   Compiling smallvec v1.15.1
   Compiling icu_properties v2.1.2
   Compiling chrono v0.4.44
   Compiling either v1.15.0
   Compiling rustls-webpki v0.103.10
   Compiling stringprep v0.1.5
   Compiling parking_lot_core v0.9.12
   Compiling icu_normalizer v2.1.1
   Compiling home v0.5.12
   Compiling hex v0.4.3
   Compiling parking_lot v0.12.5
   Compiling whoami v1.6.1
   Compiling dotenvy v0.15.7
   Compiling futures-intrusive v0.5.0
   Compiling rustls v0.23.37
   Compiling byteorder v1.5.0
   Compiling uuid v1.22.0
   Compiling idna_adapter v1.2.1
   Compiling ppv-lite86 v0.2.21
   Compiling r2d2-jsonai v8.2.0 (/mnt/d/XXXX/R2D2/r2d2-jsonai)
   Compiling idna v1.1.0
   Compiling r2d2-kernel v8.2.0 (/mnt/d/XXXX/R2D2/r2d2-kernel)
   Compiling rand_chacha v0.3.1
   Compiling foreign-types-shared v0.1.1
   Compiling openssl-sys v0.9.112
   Compiling foreign-types v0.3.2
   Compiling openssl-probe v0.2.1
   Compiling fnv v1.0.7
   Compiling thiserror v1.0.69
   Compiling rand v0.8.5
   Compiling http v0.2.12
   Compiling httparse v1.10.1
   Compiling sha1 v0.10.6
   Compiling utf-8 v0.7.6
   Compiling data-encoding v2.10.0
   Compiling futures-executor v0.3.32
   Compiling url v2.5.8
   Compiling lazy_static v1.5.0
   Compiling r2d2-paradox v8.2.0 (/mnt/d/XXXX/R2D2/r2d2-paradox)
   Compiling tracing-log v0.2.0
   Compiling sharded-slab v0.1.7
   Compiling thread_local v1.1.9
   Compiling tokio-stream v0.1.18
   Compiling futures v0.3.32
   Compiling base64 v0.21.7
   Compiling nu-ansi-term v0.50.3
   Compiling tracing-subscriber v0.3.23
   Compiling openssl v0.10.76
   Compiling sqlx-core v0.8.6
   Compiling native-tls v0.2.18
   Compiling tokio-native-tls v0.3.1
   Compiling tungstenite v0.20.1
   Compiling tokio-tungstenite v0.20.1
   Compiling sqlx-postgres v0.8.6
   Compiling mcp_rust_sdk v0.1.1
   Compiling sqlx-macros-core v0.8.6
